// Vitest Snapshot v1, https://vitest.dev/guide/snapshot.html

exports[`Editor Renderer > renderGroup > should render group header and elements list when expanded 1`] = `
<div>
  <!---->
  
      
  <div
    class="group-editor "
  >
    
          
    <div
      class="group-header "
    >
      
               
      <ha-icon
        icon="mdi:chevron-down"
      />
      
               
      <!--?lit$487434010$-->
      
                      
      <span
        class="group-name"
      >
        <!--?lit$487434010$-->
        groupA
      </span>
      
                      
      <span
        class="group-count"
      >
        (
        <!--?lit$487434010$-->
        1
        )
      </span>
      
                    
      
               
      <span
        class="spacer"
      />
      
               
      <!--?lit$487434010$-->
      
                  
      <div
        class="edit-button"
        title="Edit Group Name"
      >
        
                      
        <ha-icon
          icon="mdi:pencil"
        />
        
                  
      </div>
      
                  
      <div
        class="delete-button"
        title="Delete Group"
      >
        
                      
        <ha-icon
          icon="mdi:delete"
        />
        
                  
      </div>
      
               
      
          
    </div>
    

          
    <!--?lit$487434010$-->
    

          
    <!--?lit$487434010$-->
    
                  
    <div
      class="element-list"
    >
      
                      
      <!--?lit$487434010$-->
      <!---->
      
    
      <div
        class="element-editor "
        data-element-id="groupA.el1"
        draggable="true"
        style=""
      >
        
      
        <div
          class="element-header "
        >
          
          
          <ha-icon
            class="collapse-icon"
            icon="mdi:chevron-down"
          />
          
          
          <!--?lit$487434010$-->
          
                  
          <span
            class="element-name"
          >
            <!--?lit$487434010$-->
            el1
          </span>
          
                  
          <span
            class="element-type"
          >
            (
            <!--?lit$487434010$-->
            rectangle
            )
          </span>
          
                
          
          
          <span
            class="spacer"
          />
          
          
          <!--?lit$487434010$-->
          
               
          <div
            class="drag-handle"
            draggable="true"
            prevent=""
            selection=""
            text=""
            title="Drag to reorder"
          >
            
                   
            <ha-icon
              icon="mdi:drag-vertical"
            />
            
               
          </div>
          
               
          <div
            class="edit-button icon-button"
            title="Edit Element ID"
          >
            
                   
            <ha-icon
              icon="mdi:pencil"
            />
            
               
          </div>
          
               
          <div
            class="delete-button icon-button"
            title="Delete Element"
          >
            
                   
            <ha-icon
              icon="mdi:delete"
            />
            
               
          </div>
          
          
          
      
        </div>
        

      
        <!--?lit$487434010$-->
        
          
        <div
          class="element-body"
        >
          
               
          <div
            class="property-container-groups"
          >
            
                    
            <!--?lit$487434010$-->
            
                    
                    
            <!--?lit$487434010$-->
            <!---->
            <!--?-->
            <!---->
            <!---->
            <!--?-->
            <!---->
            <!---->
            <!--?-->
            <!---->
            <!---->
            <!--?-->
            <!---->
            <!---->
            <!--?-->
            <!---->
            <!---->
            <!--?-->
            <!---->
            <!---->
            <!--?-->
            <!---->
            
               
          </div>
          
               
          <!--?lit$487434010$-->
          <p>
            No configurable properties for this element type.
          </p>
           
          
        </div>
        
      
        
    
      </div>
      
  
      <!---->
      
                      
      <!--?lit$487434010$-->
      
                           
      <div
        class="add-element-section"
      >
        
                              
        <!--?lit$487434010$-->
        <ha-button
          outlined=""
          small=""
        >
          Add Element to Group
        </ha-button>
        
                           
      </div>
      
                      
      
                  
    </div>
    
                
    
      
  </div>
  
    
</div>
`;

exports[`Editor Renderer > renderGroupDeleteWarning > should render delete warning message and buttons 1`] = `
<div>
  <!---->
  
      
  <div
    class="delete-warning"
  >
    
          
    <ha-icon
      icon="mdi:alert"
    />
    
          
    <span>
      Delete group 
      <b>
        <!--?lit$487434010$-->
        groupToDelete
      </b>
       and all its elements?
    </span>
    
          
    <ha-button
      class="warning-button"
    >
      Delete
    </ha-button>
    
          
    <ha-button>
      Cancel
    </ha-button>
    
      
  </div>
  
  
</div>
`;
